// Jest Snapshot v1, https://goo.gl/fbAQLP

exports[`tela Ã© renderizada corretamente 1`] = `
<View
  style={
    {
      "alignItems": "center",
      "backgroundColor": "#fff",
      "flex": 1,
      "justifyContent": "center",
    }
  }
>
  <Text>
    Meu primeiro App React Native 2
  </Text>
</View>
`;
